// Jest Snapshot v1, https://goo.gl/fbAQLP

exports[`<NewReceipt> Renders correctly 1`] = `ShallowWrapper {}`;
