// Jest Snapshot v1, https://goo.gl/fbAQLP

exports[`<Receipt> Renders correctly 1`] = `undefined`;
